exports[`test renders without crashing 1`] = `
<View>
  <View>
    <View
      style={
        Object {
          "marginBottom": 20,
        }
      }>
      <View>
        <Text
          accessible={true}
          allowFontScaling={true}
          ellipsizeMode="tail"
          style={
            Object {
              "fontSize": 15,
            }
          }>
          some rich text
        </Text>
      </View>
    </View>
    <View />
    <View>
      <View
        style={
          Object {
            "backgroundColor": "#ccc",
            "marginBottom": 10,
            "padding": 5,
          }
        }>
        <View
          accessibilityComponentType={undefined}
          accessibilityLabel={undefined}
          accessibilityTraits={undefined}
          accessible={true}
          hitSlop={undefined}
          isTVSelectable={true}
          onLayout={undefined}
          onResponderGrant={[Function]}
          onResponderMove={[Function]}
          onResponderRelease={[Function]}
          onResponderTerminate={[Function]}
          onResponderTerminationRequest={[Function]}
          onStartShouldSetResponder={[Function]}
          style={
            Object {
              "opacity": 1,
            }
          }
          testID={undefined}
          tvParallaxProperties={undefined}>
          <View>
            <Text
              accessible={true}
              allowFontScaling={true}
              ellipsizeMode="tail"
              style={
                Object {
                  "fontSize": 15,
                }
              }>
              some rich text
            </Text>
          </View>
          <Text
            accessible={true}
            allowFontScaling={true}
            ellipsizeMode="tail">
            Lancer les d√©s: 
            1D6+0
          </Text>
        </View>
      </View>
    </View>
  </View>
</View>
`;
